#-----------------------------------------------------------
# Vivado v2022.1 (64-bit)
# SW Build 3526262 on Mon Apr 18 15:48:16 MDT 2022
# IP Build 3524634 on Mon Apr 18 20:55:01 MDT 2022
# Start of session at: Fri Jan 13 10:37:56 2023
# Process ID: 13372
# Current directory: C:/Users/stefa_fil71sc/Desktop/Esercizio_7_1_ComunicazioneHandshaking
# Command line: vivado.exe -gui_launcher_event rodinguilauncherevent18400 C:\Users\stefa_fil71sc\Desktop\Esercizio_7_1_ComunicazioneHandshaking\Esercizio_7_1_ComunicazioneHandshaking.xpr
# Log file: C:/Users/stefa_fil71sc/Desktop/Esercizio_7_1_ComunicazioneHandshaking/vivado.log
# Journal file: C:/Users/stefa_fil71sc/Desktop/Esercizio_7_1_ComunicazioneHandshaking\vivado.jou
# Running On: LAPTOP-UF85CVI8, OS: Windows, CPU Frequency: 3302 MHz, CPU Physical cores: 4, Host memory: 16843 MB
#-----------------------------------------------------------
start_guioopen_project C:/Users/stefa_fil71sc/Desktop/Esercizio_7_1_ComunicazioneHandshaking/Esercizio_7_1_ComunicazioneHandshaking.xprupdate_compile_order -fileset sources_1
