#-----------------------------------------------------------
# Vivado v2022.1 (64-bit)
# SW Build 3526262 on Mon Apr 18 15:48:16 MDT 2022
# IP Build 3524634 on Mon Apr 18 20:55:01 MDT 2022
# Start of session at: Fri Jan 13 10:39:11 2023
# Process ID: 5472
# Current directory: C:/Users/stefa_fil71sc/Desktop/Esercizio_7_1_ComunicazioneHandshaking
# Command line: vivado.exe -gui_launcher_event rodinguilauncherevent4448 C:\Users\stefa_fil71sc\Desktop\Esercizio_7_1_ComunicazioneHandshaking\Esercizio_7_1_ComunicazioneHandshaking.xpr
# Log file: C:/Users/stefa_fil71sc/Desktop/Esercizio_7_1_ComunicazioneHandshaking/vivado.log
# Journal file: C:/Users/stefa_fil71sc/Desktop/Esercizio_7_1_ComunicazioneHandshaking\vivado.jou
# Running On: LAPTOP-UF85CVI8, OS: Windows, CPU Frequency: 3302 MHz, CPU Physical cores: 4, Host memory: 16843 MB
#-----------------------------------------------------------
start_gui
open_project C:/Users/stefa_fil71sc/Desktop/Esercizio_7_1_ComunicazioneHandshaking/Esercizio_7_1_ComunicazioneHandshaking.xpr
update_compile_order -fileset sources_1
launch_simulation
source TB_Memoria.tcl
import_files -norecurse {C:/Users/stefa_fil71sc/Downloads/SYS_A.vhd C:/Users/stefa_fil71sc/Downloads/CU_A.vhd}
update_compile_order -fileset sources_1
set_property SOURCE_SET sources_1 [get_filesets sim_1]
close [ open C:/Users/stefa_fil71sc/Desktop/Esercizio_7_1_ComunicazioneHandshaking/Esercizio_7_1_ComunicazioneHandshaking.srcs/sim_1/new/TB_Handshaking.vhd w ]
add_files -fileset sim_1 C:/Users/stefa_fil71sc/Desktop/Esercizio_7_1_ComunicazioneHandshaking/Esercizio_7_1_ComunicazioneHandshaking.srcs/sim_1/new/TB_Handshaking.vhd
update_compile_order -fileset sim_1
# Disabling source management mode.  This is to allow the top design properties to be set without GUI intervention.
set_property source_mgmt_mode None [current_project]
set_property top TB_Handshaking [get_filesets sim_1]
set_property top_lib xil_defaultlib [get_filesets sim_1]
# Re-enabling previously disabled source management mode.
set_property source_mgmt_mode All [current_project]
update_compile_order -fileset sim_1
launch_simulation
close_sim
launch_simulation
launch_simulation
launch_simulation
launch_simulation
launch_simulation
launch_simulation
launch_simulation
launch_simulation
launch_simulation
launch_simulation
source TB_Handshaking.tcl
close_sim
launch_simulation
source TB_Handshaking.tcl
relaunch_sim
relaunch_sim
relaunch_sim
relaunch_sim
close_sim
launch_simulation
source TB_Handshaking.tcl
relaunch_sim
relaunch_sim
close_sim
launch_simulation
source TB_Handshaking.tcl
relaunch_sim
close_sim
