#-----------------------------------------------------------
# Vivado v2022.1 (64-bit)
# SW Build 3526262 on Mon Apr 18 15:48:16 MDT 2022
# IP Build 3524634 on Mon Apr 18 20:55:01 MDT 2022
# Start of session at: Tue Jan 31 15:08:11 2023
# Process ID: 4620
# Current directory: C:/Users/stefa_fil71sc/Desktop/BlowfishOnBoard
# Command line: vivado.exe -gui_launcher_event rodinguilauncherevent17020 C:\Users\stefa_fil71sc\Desktop\BlowfishOnBoard\BlowfishOnBoard.xpr
# Log file: C:/Users/stefa_fil71sc/Desktop/BlowfishOnBoard/vivado.log
# Journal file: C:/Users/stefa_fil71sc/Desktop/BlowfishOnBoard\vivado.jou
# Running On: LAPTOP-UF85CVI8, OS: Windows, CPU Frequency: 3302 MHz, CPU Physical cores: 4, Host memory: 16843 MB
#-----------------------------------------------------------
start_gui
open_project C:/Users/stefa_fil71sc/Desktop/BlowfishOnBoard/BlowfishOnBoard.xpr
update_compile_order -fileset sources_1
close [ open C:/Users/stefa_fil71sc/Desktop/BlowfishOnBoard/BlowfishOnBoard.srcs/sources_1/new/BlowfishOnBoard.vhd w ]
add_files C:/Users/stefa_fil71sc/Desktop/BlowfishOnBoard/BlowfishOnBoard.srcs/sources_1/new/BlowfishOnBoard.vhd
update_compile_order -fileset sources_1
