#-----------------------------------------------------------
# Vivado v2022.1 (64-bit)
# SW Build 3526262 on Mon Apr 18 15:48:16 MDT 2022
# IP Build 3524634 on Mon Apr 18 20:55:01 MDT 2022
# Start of session at: Wed Jan 25 17:34:36 2023
# Process ID: 19884
# Current directory: C:/Users/stefa_fil71sc/Desktop/Nuova cartella/Esercizio11_2_DivisoreOnBoard
# Command line: vivado.exe -gui_launcher_event rodinguilauncherevent14068 C:\Users\stefa_fil71sc\Desktop\Nuova cartella\Esercizio11_2_DivisoreOnBoard\Esercizio11_2_DivisoreOnBoard.xpr
# Log file: C:/Users/stefa_fil71sc/Desktop/Nuova cartella/Esercizio11_2_DivisoreOnBoard/vivado.log
# Journal file: C:/Users/stefa_fil71sc/Desktop/Nuova cartella/Esercizio11_2_DivisoreOnBoard\vivado.jou
# Running On: LAPTOP-UF85CVI8, OS: Windows, CPU Frequency: 3302 MHz, CPU Physical cores: 4, Host memory: 16843 MB
#-----------------------------------------------------------
start_gui
open_project {C:/Users/stefa_fil71sc/Desktop/Nuova cartella/Esercizio11_2_DivisoreOnBoard/Esercizio11_2_DivisoreOnBoard.xpr}
update_compile_order -fileset sources_1
reset_run impl_1 -prev_step 
launch_runs impl_1 -to_step write_bitstream -jobs 8
wait_on_run impl_1
open_hw_manager
