#-----------------------------------------------------------
# Webtalk v2019.1 (64-bit)
# SW Build 2552052 on Fri May 24 14:49:42 MDT 2019
# IP Build 2548770 on Fri May 24 18:01:18 MDT 2019
# Start of session at: Fri Jan 20 12:44:15 2023
# Process ID: 2752
# Current directory: C:/Users/rosariaritacanale/Documents/progetto/Esercizio10_switchMultistadio/Esercizio10_switchMultistadio.sim/sim_1/behav/xsim
# Command line: wbtcv.exe -mode batch -source C:/Users/rosariaritacanale/Documents/progetto/Esercizio10_switchMultistadio/Esercizio10_switchMultistadio.sim/sim_1/behav/xsim/xsim.dir/TB_SwitchMultistadio_behav/webtalk/xsim_webtalk.tcl -notrace
# Log file: C:/Users/rosariaritacanale/Documents/progetto/Esercizio10_switchMultistadio/Esercizio10_switchMultistadio.sim/sim_1/behav/xsim/webtalk.log
# Journal file: C:/Users/rosariaritacanale/Documents/progetto/Esercizio10_switchMultistadio/Esercizio10_switchMultistadio.sim/sim_1/behav/xsim\webtalk.jou
#-----------------------------------------------------------
source C:/Users/rosariaritacanale/Documents/progetto/Esercizio10_switchMultistadio/Esercizio10_switchMultistadio.sim/sim_1/behav/xsim/xsim.dir/TB_SwitchMultistadio_behav/webtalk/xsim_webtalk.tcl -notrace
