#-----------------------------------------------------------
# Vivado v2022.1 (64-bit)
# SW Build 3526262 on Mon Apr 18 15:48:16 MDT 2022
# IP Build 3524634 on Mon Apr 18 20:55:01 MDT 2022
# Start of session at: Sun Jan  8 15:56:47 2023
# Process ID: 8740
# Current directory: C:/Users/stefa_fil71sc/Desktop/Esercizio_3_2_RiconoscitoreOnBoard/Esercizio_3_2_RiconoscitoreOnBoard.runs/impl_1
# Command line: vivado.exe -log RiconoscitoreOnBoard.vdi -applog -product Vivado -messageDb vivado.pb -mode batch -source RiconoscitoreOnBoard.tcl -notrace
# Log file: C:/Users/stefa_fil71sc/Desktop/Esercizio_3_2_RiconoscitoreOnBoard/Esercizio_3_2_RiconoscitoreOnBoard.runs/impl_1/RiconoscitoreOnBoard.vdi
# Journal file: C:/Users/stefa_fil71sc/Desktop/Esercizio_3_2_RiconoscitoreOnBoard/Esercizio_3_2_RiconoscitoreOnBoard.runs/impl_1\vivado.jou
# Running On: LAPTOP-UF85CVI8, OS: Windows, CPU Frequency: 3302 MHz, CPU Physical cores: 4, Host memory: 16843 MB
#-----------------------------------------------------------
source RiconoscitoreOnBoard.tcl -notrace
